---
source: cli-compose-macro/src/deriver/arg_opt.rs
assertion_line: 159
expression: "test_derive_arg_opt(quote! { struct Foo(String) ; }).unwrap()"
---
impl cli_compose::schema::AsArgOpt for Foo {
    fn flag() -> cli_compose::schema::Flag {
        cli_compose::schema::Flag::LongOnly("foo".to_owned())
    }
    fn description() -> String {
        "".to_owned()
    }
    fn parse(s: &str) -> Option<Self> {
        let val = <String as std::str::FromStr>::from_str(s).ok()?;
        Some(Foo(val))
    }
}

