---
source: src/runtime.rs
assertion_line: 33
expression: "super::parse_into_tokens(vec![\"example\".to_owned(),\n                \"--input-format\".to_owned(),\n                \"json\".to_owned()].into_iter()).collect::<Vec<_>>()"
---
[
    Long(
        "input-format",
    ),
    Value(
        "json",
    ),
]
